# serializer version: 1
# name: TestMCRiseScoring.test_2class_scoring
  array([[[[0.  , 0.  , 0.33, 0.33, 0.66, 0.66],
           [0.  , 0.  , 0.33, 0.33, 0.66, 0.66],
           [0.33, 0.33, 0.66, 0.66, 1.  , 1.  ],
           [0.33, 0.33, 0.66, 0.66, 1.  , 1.  ]],

          [[1.  , 1.  , 0.66, 0.66, 0.33, 0.33],
           [1.  , 1.  , 0.66, 0.66, 0.33, 0.33],
           [0.66, 0.66, 0.33, 0.33, 0.  , 0.  ],
           [0.66, 0.66, 0.33, 0.33, 0.  , 0.  ]]]])
# ---
